// Jest Snapshot v1, https://goo.gl/fbAQLP

exports[`CreateNew renders 1`] = `
<Connect(ProductContainer)
  productId="abc"
>
  <Component />
</Connect(ProductContainer)>
`;

exports[`CreateNew renders 2`] = `
<div>
  <Toolbar />
  <styled.div>
    <Sidebar
      manufacturer={
        Object {
          "id": "abc",
          "logo": "abc.jpg",
          "name": "Krazy Kites",
          "website": "http://krazykites.com",
        }
      }
      onColorSelect={[Function]}
      onVariationSelect={[Function]}
      product={
        Object {
          "colors": Array [
            Object {
              "color": "#ff0000",
              "name": "red",
            },
            Object {
              "color": "#000000",
              "name": "black",
            },
          ],
          "id": "abc",
          "manufacturer": "abc",
          "name": "Krazy Kite",
          "url": "http://krazykites.com/krazy-kite",
          "variations": Array [
            Object {
              "name": "Standard",
              "svg": "<div>Kool Kite</div>",
            },
          ],
        }
      }
      selectedColor="red"
      selectedVariation="Standard"
    />
    <Canvas
      currentColor="blue"
      onClick={[Function]}
      svg="<div>Kool Kite</div>"
    />
  </styled.div>
</div>
`;
