// Jest Snapshot v1, https://goo.gl/fbAQLP

exports[`CreateNew renders 1`] = `
<Connect(ProductContainer)
  productId="abc"
>
  <Component />
</Connect(ProductContainer)>
`;

exports[`CreateNew renders 2`] = `
<div>
  <EditorContainer
    product={
      Object {
        "colors": Array [
          Object {
            "color": "#ff0000",
            "name": "red",
          },
          Object {
            "color": "#000000",
            "name": "black",
          },
        ],
        "id": "abc",
        "manufacturer": "abc",
        "name": "Krazy Kite",
        "url": "http://krazykites.com/krazy-kite",
        "variations": Array [
          Object {
            "name": "Standard",
            "svg": "<div>Kool Kite</div>",
          },
        ],
      }
    }
  >
    <Component />
  </EditorContainer>
</div>
`;
