// Jest Snapshot v1, https://goo.gl/fbAQLP

exports[`Footer renders 1`] = `
<styled.div
  className="my-footer"
>
  <P
    isLight={true}
  >
    © 
    2018
     
    <styled.a
      href="http://wattydev.com"
      target="_blank"
    >
      Spencer Watson
    </styled.a>
  </P>
</styled.div>
`;
