// Jest Snapshot v1, https://goo.gl/fbAQLP

exports[`Header renders 1`] = `
<styled.div>
  <div
    className="left"
  >
    <Styled(H2)>
      <styled.a
        as={[Function]}
        to="/"
      >
        KitePaint
      </styled.a>
    </Styled(H2)>
  </div>
  <div
    className="right"
  >
    <styled.div
      as={[Function]}
      to="/"
    >
      <FontAwesomeIcon
        border={false}
        className=""
        fixedWidth={false}
        flip={null}
        icon="home"
        inverse={false}
        listItem={false}
        mask={null}
        pull={null}
        pulse={false}
        rotation={null}
        size={null}
        spin={false}
        symbol={false}
        title=""
        transform={null}
      />
    </styled.div>
    <styled.div
      as={[Function]}
      to="/about"
    >
      About
    </styled.div>
    <styled.div
      as={[Function]}
      to="/create"
    >
      Create
    </styled.div>
    <Connect(UserContainer)>
      <Component />
    </Connect(UserContainer)>
  </div>
</styled.div>
`;
