// Jest Snapshot v1, https://goo.gl/fbAQLP

exports[`ModelPrompt renders 1`] = `
<Modal
  isOpen={false}
  modalContent={
    <styled.div
      className="testing_modal"
    >
      <form
        className="testing_submit"
        onSubmit={[Function]}
      >
        <Styled(Label)>
          Do the thing.
        </Styled(Label)>
        <styled.input
          className="testing_prompt-value"
          onChange={[Function]}
          type="text"
          value=""
        />
        <div
          className="buttons"
        >
          <Button
            isPrimary={true}
            type="submit"
          >
            Submit
          </Button>
           
          <Button
            className="testing_cancel"
            onClick={[Function]}
            type="button"
          >
            Cancel
          </Button>
        </div>
      </form>
    </styled.div>
  }
  onBackdropClick={[Function]}
>
  <div
    className="target"
    onClick={[Function]}
  />
</Modal>
`;
