// Jest Snapshot v1, https://goo.gl/fbAQLP

exports[`Text renders 1`] = `
<StyledComponent
  forwardedClass={
    Object {
      "$$typeof": Symbol(react.forward_ref),
      "attrs": undefined,
      "componentStyle": ComponentStyle {
        "componentId": "sc-bwzfXH",
        "isStatic": false,
        "rules": Array [
          "
  margin: 0;
  padding: 0;
  ",
          "
  font-family: -apple-system, BlinkMacSystemFont, \\"Segoe UI\\", \\"Roboto\\", \\"Oxygen\\",
    \\"Ubuntu\\", \\"Cantarell\\", \\"Fira Sans\\", \\"Droid Sans\\", \\"Helvetica Neue\\",
    sans-serif;
  -webkit-font-smoothing: antialiased;
  -moz-osx-font-smoothing: grayscale;
",
          "

  color: ",
          [Function],
          ";
",
        ],
      },
      "displayName": "styled.p",
      "render": [Function],
      "styledComponentId": "sc-bwzfXH",
      "target": "p",
      "toString": [Function],
      "warnTooManyClasses": [Function],
      "withComponent": [Function],
    }
  }
  forwardedRef={null}
  theme={
    Object {
      "colors": Object {
        "aqua": "#7FDBFF",
        "black": "#111111",
        "blue": "#0074D9",
        "blueDarker": "#005daa",
        "blueLighter": "#f0fbff",
        "fuchsia": "#F012BE",
        "gray": "#AAAAAA",
        "grayDark": "#5e5e5e",
        "grayDarker": "#3a3a3a",
        "green": "#2ECC40",
        "lime": "#01FF70",
        "maroon": "#85144B",
        "navy": "#001F3F",
        "olive": "#3D9970",
        "orange": "#FF851B",
        "purple": "#B10DC9",
        "red": "#FF4136",
        "silver": "#DDDDDD",
        "teal": "#39CCCC",
        "white": "#FFFFFF",
        "yellow": "#FFDC00",
      },
      "patterns": Object {
        "transparencyBackground": Array [
          "
  background-image: linear-gradient(45deg, ",
          "#AAAAAA",
          " 25%, transparent 25%),
    linear-gradient(-45deg, ",
          "#AAAAAA",
          " 25%, transparent 25%),
    linear-gradient(45deg, transparent 75%, ",
          "#AAAAAA",
          " 75%),
    linear-gradient(-45deg, transparent 75%, ",
          "#AAAAAA",
          " 75%);
  background-color: ",
          "#5e5e5e",
          ";
  background-size: 20px 20px;
  background-position: 0 0, 0 10px, 10px -10px, -10px 0px;
",
        ],
      },
    }
  }
>
  button
</StyledComponent>
`;
