// Jest Snapshot v1, https://goo.gl/fbAQLP

exports[`RegisterFormContainer renders 1`] = `
<RegisterForm
  email=""
  errorMessage={null}
  id="abc"
  isDisabled={false}
  onEmailChange={[Function]}
  onLogIn={[MockFunction]}
  onPasswordChange={[Function]}
  onPasswordConfirmationChange={[Function]}
  onSubmit={[Function]}
  onUsernameChange={[Function]}
  password=""
  passwordConfirmation=""
  showSuccessMessage={false}
  username=""
/>
`;
