// Jest Snapshot v1, https://goo.gl/fbAQLP

exports[`ResetPasswordFormContainer renders 1`] = `
<ResetPasswordForm
  email=""
  errorMessage={null}
  id="abc"
  isDisabled={false}
  onCancel={[MockFunction]}
  onEmailChange={[Function]}
  onSubmit={[Function]}
  onUsernameChange={[Function]}
  showSuccessMessage={false}
  username=""
/>
`;
