// Jest Snapshot v1, https://goo.gl/fbAQLP

exports[`Home renders 1`] = `
<Fragment>
  <CTABanner />
  <Connect(UserContainer)>
    <Component />
  </Connect(UserContainer)>
  <Connect(RecentDesignsContainer)>
    <Component />
  </Connect(RecentDesignsContainer)>
</Fragment>
`;

exports[`Home renders 2`] = `
<div>
  <AccountBanner
    isRecognizedUser={true}
  >
    <AccountForm
      id="account-banner-login"
      isRecognizedUser={true}
      onToggleRecognition={[MockFunction]}
    />
  </AccountBanner>
</div>
`;

exports[`Home renders 3`] = `
<div>
  <RecentDesignsBanner
    designs={Array []}
  />
</div>
`;
