// Jest Snapshot v1, https://goo.gl/fbAQLP

exports[`RecentDesignsBanner renders 1`] = `
<styled.div>
  <Styled(H2)>
    Recent Designs
  </Styled(H2)>
  <div
    className="designs"
  >
    <Link
      className="design-wrapper"
      key="design-1"
      replace={false}
      to="/view/design-1"
    >
      <Svg
        className="design-preview"
        svg="<div>picasso standard</div>"
      />
      <P
        className="design-name"
        isLight={true}
      >
        picasso
      </P>
    </Link>
  </div>
  <div
    className="see-all-wrapper"
  >
    <Button
      as={[Function]}
      isBlock={true}
      to="/designs"
    >
      See All Designs
    </Button>
  </div>
</styled.div>
`;
