// Jest Snapshot v1, https://goo.gl/fbAQLP

exports[`RecentDesignsBanner renders 1`] = `
<styled.div>
  <Styled(H2)>
    Recent Designs
  </Styled(H2)>
  <div
    className="designs"
  >
    <Link
      className="design-wrapper"
      key="123"
      replace={false}
      to="/view/123"
    >
      <div
        className="design-preview"
        dangerouslySetInnerHTML={
          Object {
            "__html": "<div class=\\"totally-svg\\">Pretty Design</div>",
          }
        }
      />
      <P
        className="design-name"
        isLight={true}
      >
        abc
      </P>
    </Link>
  </div>
  <div
    className="see-all-wrapper"
  >
    <Button
      as={[Function]}
      isBlock={true}
      to="/designs"
    >
      See All Designs
    </Button>
  </div>
</styled.div>
`;
