// Jest Snapshot v1, https://goo.gl/fbAQLP

exports[`renders without crashing 1`] = `
<Fragment>
  <EmbeddedCss
    _isEmbedded={false}
  />
  <Header />
  <Switch>
    <RestrictedRoute
      _isEmbedded={false}
      component={[Function]}
      exact={true}
      path="/"
    />
    <RestrictedRoute
      _isEmbedded={false}
      component={[Function]}
      exact={true}
      path="/about"
    />
    <RestrictedRoute
      _isEmbedded={false}
      component={[Function]}
      exact={true}
      path="/account"
    />
    <RestrictedRoute
      _isEmbedded={false}
      component={[Function]}
      exact={true}
      path="/activate/:userId/:activationCode"
    />
    <RestrictedRoute
      _isEmbedded={false}
      component={[Function]}
      exact={true}
      path="/create"
    />
    <Route
      component={[Function]}
      exact={true}
      path="/create/:productId"
    />
    <RestrictedRoute
      _isEmbedded={false}
      component={[Function]}
      exact={true}
      path="/designs"
    />
    <Route
      component={[Function]}
      exact={true}
      path="/edit/:designId"
    />
    <RestrictedRoute
      _isEmbedded={false}
      component={[Function]}
      exact={true}
      path="/my-designs"
    />
    <Route
      component={[Function]}
      exact={true}
      path="/view/:designId"
    />
    <Route
      component={[Function]}
    />
  </Switch>
  <Footer />
</Fragment>
`;
