// Jest Snapshot v1, https://goo.gl/fbAQLP

exports[`RegisterForm renders 1`] = `
<form
  id="abc"
  onSubmit={[Function]}
>
  <Styled(Label)
    htmlFor="abc-username"
  >
    Username
     
    <Tooltip
      fadeSpeedMs={250}
    >
      Usernames may be between 3-30 characters.
      <br />
      They may include these characters: a-z, A-Z, 0-9.
    </Tooltip>
  </Styled(Label)>
  <styled.input
    id="abc-username"
    onChange={[Function]}
  />
  <Styled(Label)
    htmlFor="abc-email"
  >
    Email Address
  </Styled(Label)>
  <styled.input
    id="abc-email"
    onChange={[Function]}
    type="email"
  />
  <Styled(Label)
    htmlFor="abc-password"
  >
    Password
     
    <Tooltip
      fadeSpeedMs={250}
    >
      Passwords may be between 6-15 characters.
      <br />
      They may include these characters: a-z, A-Z, 0-9, #, @, or *.
    </Tooltip>
  </Styled(Label)>
  <styled.input
    id="abc-password"
    onChange={[Function]}
    type="password"
  />
  <Styled(Label)
    htmlFor="abc-password-2"
  >
    Confirm Password
  </Styled(Label)>
  <styled.input
    id="abc-password-2"
    onChange={[Function]}
    type="password"
  />
  <Button
    isBlock={true}
    isPrimary={true}
    type="submit"
  >
    Sign Up
  </Button>
  <P>
    <styled.a
      href="/KitePaintTermsandConditions.pdf"
      target="_blank"
    >
      Terms and Conditions
    </styled.a>
  </P>
  <P>
    Already registered?
     
    <styled.a
      className="testing_log-in"
      onClick={[MockFunction]}
    >
      Sign In
    </styled.a>
  </P>
</form>
`;
