// Jest Snapshot v1, https://goo.gl/fbAQLP

exports[`RegisterForm renders 1`] = `
ShallowWrapper {
  Symbol(enzyme.__root__): [Circular],
  Symbol(enzyme.__unrendered__): <RegisterForm
    id="abc"
    onEmailChange={[MockFunction]}
    onLogIn={[MockFunction]}
    onPasswordChange={[MockFunction]}
    onPasswordConfirmationChange={[MockFunction]}
    onSubmit={[MockFunction]}
    onUsernameChange={[MockFunction]}
  />,
  Symbol(enzyme.__renderer__): Object {
    "batchedUpdates": [Function],
    "getNode": [Function],
    "render": [Function],
    "simulateError": [Function],
    "simulateEvent": [Function],
    "unmount": [Function],
  },
  Symbol(enzyme.__node__): Object {
    "instance": null,
    "key": undefined,
    "nodeType": "host",
    "props": Object {
      "children": <React.Fragment>
        <ForwardRef
          htmlFor="abc-username"
        >
          Username
        </ForwardRef>
        <ForwardRef
          id="abc-username"
          onChange={[Function]}
        />
        <ForwardRef
          htmlFor="abc-email"
        >
          Email Address
        </ForwardRef>
        <ForwardRef
          id="abc-email"
          onChange={[Function]}
          type="email"
        />
        <ForwardRef
          htmlFor="abc-password"
        >
          Password
        </ForwardRef>
        <ForwardRef
          id="abc-password"
          onChange={[Function]}
          type="password"
        />
        <ForwardRef
          htmlFor="abc-password-2"
        >
          Confirm Password
        </ForwardRef>
        <ForwardRef
          id="abc-password-2"
          onChange={[Function]}
          type="password"
        />
        <Button
          isBlock={true}
          isPrimary={true}
          type="submit"
        >
          Sign Up
        </Button>
        <P>
          <ForwardRef
            href="/KitePaintTermsandConditions.pdf"
            target="_blank"
          >
            Terms and Conditions
          </ForwardRef>
        </P>
        <P>
          Already registered?
           
          <ForwardRef
            className="testing_log-in"
            onClick={[MockFunction]}
          >
            Sign In
          </ForwardRef>
        </P>
      </React.Fragment>,
      "id": "abc",
      "onSubmit": [Function],
    },
    "ref": null,
    "rendered": Object {
      "instance": null,
      "key": undefined,
      "nodeType": "function",
      "props": Object {
        "children": Array [
          undefined,
          <ForwardRef
            htmlFor="abc-username"
          >
            Username
          </ForwardRef>,
          <ForwardRef
            id="abc-username"
            onChange={[Function]}
          />,
          <ForwardRef
            htmlFor="abc-email"
          >
            Email Address
          </ForwardRef>,
          <ForwardRef
            id="abc-email"
            onChange={[Function]}
            type="email"
          />,
          <ForwardRef
            htmlFor="abc-password"
          >
            Password
          </ForwardRef>,
          <ForwardRef
            id="abc-password"
            onChange={[Function]}
            type="password"
          />,
          <ForwardRef
            htmlFor="abc-password-2"
          >
            Confirm Password
          </ForwardRef>,
          <ForwardRef
            id="abc-password-2"
            onChange={[Function]}
            type="password"
          />,
          <Button
            isBlock={true}
            isPrimary={true}
            type="submit"
          >
            Sign Up
          </Button>,
          <P>
            <ForwardRef
              href="/KitePaintTermsandConditions.pdf"
              target="_blank"
            >
              Terms and Conditions
            </ForwardRef>
          </P>,
          <P>
            Already registered?
             
            <ForwardRef
              className="testing_log-in"
              onClick={[MockFunction]}
            >
              Sign In
            </ForwardRef>
          </P>,
        ],
      },
      "ref": null,
      "rendered": Array [
        undefined,
        Object {
          "instance": null,
          "key": undefined,
          "nodeType": "function",
          "props": Object {
            "children": "Username",
            "htmlFor": "abc-username",
          },
          "ref": null,
          "rendered": "Username",
          "type": Object {
            "$$typeof": Symbol(react.forward_ref),
            "attrs": undefined,
            "componentStyle": ComponentStyle {
              "componentId": "sc-htoDjs",
              "isStatic": true,
              "rules": Array [
                "
  margin: 8px 0 4px;
  display: block;
",
              ],
            },
            "displayName": "Styled(Label)",
            "render": [Function],
            "styledComponentId": "sc-htoDjs",
            "target": [Function],
            "toString": [Function],
            "warnTooManyClasses": [Function],
            "withComponent": [Function],
            Symbol(Symbol.hasInstance): [Function],
          },
        },
        Object {
          "instance": null,
          "key": undefined,
          "nodeType": "function",
          "props": Object {
            "disabled": undefined,
            "id": "abc-username",
            "onChange": [Function],
            "value": undefined,
          },
          "ref": null,
          "rendered": null,
          "type": Object {
            "$$typeof": Symbol(react.forward_ref),
            "attrs": undefined,
            "componentStyle": ComponentStyle {
              "componentId": "sc-gzVnrw",
              "isStatic": false,
              "rules": Array [
                "
  ",
                "
  font-family: -apple-system, BlinkMacSystemFont, \\"Segoe UI\\", \\"Roboto\\", \\"Oxygen\\",
    \\"Ubuntu\\", \\"Cantarell\\", \\"Fira Sans\\", \\"Droid Sans\\", \\"Helvetica Neue\\",
    sans-serif;
  -webkit-font-smoothing: antialiased;
  -moz-osx-font-smoothing: grayscale;
",
                " display: block;
  width: 100%;
  padding: 4px;
  border-radius: 4px;
  border: 1px solid ",
                [Function],
                ";
  box-sizing: border-box;
",
              ],
            },
            "displayName": "styled.input",
            "render": [Function],
            "styledComponentId": "sc-gzVnrw",
            "target": "input",
            "toString": [Function],
            "warnTooManyClasses": [Function],
            "withComponent": [Function],
          },
        },
        Object {
          "instance": null,
          "key": undefined,
          "nodeType": "function",
          "props": Object {
            "children": "Email Address",
            "htmlFor": "abc-email",
          },
          "ref": null,
          "rendered": "Email Address",
          "type": Object {
            "$$typeof": Symbol(react.forward_ref),
            "attrs": undefined,
            "componentStyle": ComponentStyle {
              "componentId": "sc-htoDjs",
              "isStatic": true,
              "rules": Array [
                "
  margin: 8px 0 4px;
  display: block;
",
              ],
            },
            "displayName": "Styled(Label)",
            "render": [Function],
            "styledComponentId": "sc-htoDjs",
            "target": [Function],
            "toString": [Function],
            "warnTooManyClasses": [Function],
            "withComponent": [Function],
            Symbol(Symbol.hasInstance): [Function],
          },
        },
        Object {
          "instance": null,
          "key": undefined,
          "nodeType": "function",
          "props": Object {
            "disabled": undefined,
            "id": "abc-email",
            "onChange": [Function],
            "type": "email",
            "value": undefined,
          },
          "ref": null,
          "rendered": null,
          "type": Object {
            "$$typeof": Symbol(react.forward_ref),
            "attrs": undefined,
            "componentStyle": ComponentStyle {
              "componentId": "sc-gzVnrw",
              "isStatic": false,
              "rules": Array [
                "
  ",
                "
  font-family: -apple-system, BlinkMacSystemFont, \\"Segoe UI\\", \\"Roboto\\", \\"Oxygen\\",
    \\"Ubuntu\\", \\"Cantarell\\", \\"Fira Sans\\", \\"Droid Sans\\", \\"Helvetica Neue\\",
    sans-serif;
  -webkit-font-smoothing: antialiased;
  -moz-osx-font-smoothing: grayscale;
",
                " display: block;
  width: 100%;
  padding: 4px;
  border-radius: 4px;
  border: 1px solid ",
                [Function],
                ";
  box-sizing: border-box;
",
              ],
            },
            "displayName": "styled.input",
            "render": [Function],
            "styledComponentId": "sc-gzVnrw",
            "target": "input",
            "toString": [Function],
            "warnTooManyClasses": [Function],
            "withComponent": [Function],
          },
        },
        Object {
          "instance": null,
          "key": undefined,
          "nodeType": "function",
          "props": Object {
            "children": "Password",
            "htmlFor": "abc-password",
          },
          "ref": null,
          "rendered": "Password",
          "type": Object {
            "$$typeof": Symbol(react.forward_ref),
            "attrs": undefined,
            "componentStyle": ComponentStyle {
              "componentId": "sc-htoDjs",
              "isStatic": true,
              "rules": Array [
                "
  margin: 8px 0 4px;
  display: block;
",
              ],
            },
            "displayName": "Styled(Label)",
            "render": [Function],
            "styledComponentId": "sc-htoDjs",
            "target": [Function],
            "toString": [Function],
            "warnTooManyClasses": [Function],
            "withComponent": [Function],
            Symbol(Symbol.hasInstance): [Function],
          },
        },
        Object {
          "instance": null,
          "key": undefined,
          "nodeType": "function",
          "props": Object {
            "disabled": undefined,
            "id": "abc-password",
            "onChange": [Function],
            "type": "password",
            "value": undefined,
          },
          "ref": null,
          "rendered": null,
          "type": Object {
            "$$typeof": Symbol(react.forward_ref),
            "attrs": undefined,
            "componentStyle": ComponentStyle {
              "componentId": "sc-gzVnrw",
              "isStatic": false,
              "rules": Array [
                "
  ",
                "
  font-family: -apple-system, BlinkMacSystemFont, \\"Segoe UI\\", \\"Roboto\\", \\"Oxygen\\",
    \\"Ubuntu\\", \\"Cantarell\\", \\"Fira Sans\\", \\"Droid Sans\\", \\"Helvetica Neue\\",
    sans-serif;
  -webkit-font-smoothing: antialiased;
  -moz-osx-font-smoothing: grayscale;
",
                " display: block;
  width: 100%;
  padding: 4px;
  border-radius: 4px;
  border: 1px solid ",
                [Function],
                ";
  box-sizing: border-box;
",
              ],
            },
            "displayName": "styled.input",
            "render": [Function],
            "styledComponentId": "sc-gzVnrw",
            "target": "input",
            "toString": [Function],
            "warnTooManyClasses": [Function],
            "withComponent": [Function],
          },
        },
        Object {
          "instance": null,
          "key": undefined,
          "nodeType": "function",
          "props": Object {
            "children": "Confirm Password",
            "htmlFor": "abc-password-2",
          },
          "ref": null,
          "rendered": "Confirm Password",
          "type": Object {
            "$$typeof": Symbol(react.forward_ref),
            "attrs": undefined,
            "componentStyle": ComponentStyle {
              "componentId": "sc-htoDjs",
              "isStatic": true,
              "rules": Array [
                "
  margin: 8px 0 4px;
  display: block;
",
              ],
            },
            "displayName": "Styled(Label)",
            "render": [Function],
            "styledComponentId": "sc-htoDjs",
            "target": [Function],
            "toString": [Function],
            "warnTooManyClasses": [Function],
            "withComponent": [Function],
            Symbol(Symbol.hasInstance): [Function],
          },
        },
        Object {
          "instance": null,
          "key": undefined,
          "nodeType": "function",
          "props": Object {
            "disabled": undefined,
            "id": "abc-password-2",
            "onChange": [Function],
            "type": "password",
            "value": undefined,
          },
          "ref": null,
          "rendered": null,
          "type": Object {
            "$$typeof": Symbol(react.forward_ref),
            "attrs": undefined,
            "componentStyle": ComponentStyle {
              "componentId": "sc-gzVnrw",
              "isStatic": false,
              "rules": Array [
                "
  ",
                "
  font-family: -apple-system, BlinkMacSystemFont, \\"Segoe UI\\", \\"Roboto\\", \\"Oxygen\\",
    \\"Ubuntu\\", \\"Cantarell\\", \\"Fira Sans\\", \\"Droid Sans\\", \\"Helvetica Neue\\",
    sans-serif;
  -webkit-font-smoothing: antialiased;
  -moz-osx-font-smoothing: grayscale;
",
                " display: block;
  width: 100%;
  padding: 4px;
  border-radius: 4px;
  border: 1px solid ",
                [Function],
                ";
  box-sizing: border-box;
",
              ],
            },
            "displayName": "styled.input",
            "render": [Function],
            "styledComponentId": "sc-gzVnrw",
            "target": "input",
            "toString": [Function],
            "warnTooManyClasses": [Function],
            "withComponent": [Function],
          },
        },
        Object {
          "instance": null,
          "key": undefined,
          "nodeType": "function",
          "props": Object {
            "children": "Sign Up",
            "disabled": undefined,
            "isBlock": true,
            "isPrimary": true,
            "type": "submit",
          },
          "ref": null,
          "rendered": "Sign Up",
          "type": [Function],
        },
        Object {
          "instance": null,
          "key": undefined,
          "nodeType": "function",
          "props": Object {
            "children": <ForwardRef
              href="/KitePaintTermsandConditions.pdf"
              target="_blank"
            >
              Terms and Conditions
            </ForwardRef>,
          },
          "ref": null,
          "rendered": Object {
            "instance": null,
            "key": undefined,
            "nodeType": "function",
            "props": Object {
              "children": "Terms and Conditions",
              "href": "/KitePaintTermsandConditions.pdf",
              "target": "_blank",
            },
            "ref": null,
            "rendered": "Terms and Conditions",
            "type": Object {
              "$$typeof": Symbol(react.forward_ref),
              "attrs": undefined,
              "componentStyle": ComponentStyle {
                "componentId": "sc-bdVaJa",
                "isStatic": false,
                "rules": Array [
                  "
  color: ",
                  [Function],
                  ";
  text-decoration: none;
  margin: 0;
  cursor: pointer;

  &:hover {
    text-decoration: underline;
  }
",
                ],
              },
              "displayName": "styled.a",
              "render": [Function],
              "styledComponentId": "sc-bdVaJa",
              "target": "a",
              "toString": [Function],
              "warnTooManyClasses": [Function],
              "withComponent": [Function],
            },
          },
          "type": [Function],
        },
        Object {
          "instance": null,
          "key": undefined,
          "nodeType": "function",
          "props": Object {
            "children": Array [
              "Already registered?",
              " ",
              <ForwardRef
                className="testing_log-in"
                onClick={[MockFunction]}
              >
                Sign In
              </ForwardRef>,
            ],
          },
          "ref": null,
          "rendered": Array [
            "Already registered?",
            " ",
            Object {
              "instance": null,
              "key": undefined,
              "nodeType": "function",
              "props": Object {
                "children": "Sign In",
                "className": "testing_log-in",
                "onClick": [MockFunction],
              },
              "ref": null,
              "rendered": "Sign In",
              "type": Object {
                "$$typeof": Symbol(react.forward_ref),
                "attrs": undefined,
                "componentStyle": ComponentStyle {
                  "componentId": "sc-bdVaJa",
                  "isStatic": false,
                  "rules": Array [
                    "
  color: ",
                    [Function],
                    ";
  text-decoration: none;
  margin: 0;
  cursor: pointer;

  &:hover {
    text-decoration: underline;
  }
",
                  ],
                },
                "displayName": "styled.a",
                "render": [Function],
                "styledComponentId": "sc-bdVaJa",
                "target": "a",
                "toString": [Function],
                "warnTooManyClasses": [Function],
                "withComponent": [Function],
              },
            },
          ],
          "type": [Function],
        },
      ],
      "type": Symbol(react.fragment),
    },
    "type": "form",
  },
  Symbol(enzyme.__nodes__): Array [
    Object {
      "instance": null,
      "key": undefined,
      "nodeType": "host",
      "props": Object {
        "children": <React.Fragment>
          <ForwardRef
            htmlFor="abc-username"
          >
            Username
          </ForwardRef>
          <ForwardRef
            id="abc-username"
            onChange={[Function]}
          />
          <ForwardRef
            htmlFor="abc-email"
          >
            Email Address
          </ForwardRef>
          <ForwardRef
            id="abc-email"
            onChange={[Function]}
            type="email"
          />
          <ForwardRef
            htmlFor="abc-password"
          >
            Password
          </ForwardRef>
          <ForwardRef
            id="abc-password"
            onChange={[Function]}
            type="password"
          />
          <ForwardRef
            htmlFor="abc-password-2"
          >
            Confirm Password
          </ForwardRef>
          <ForwardRef
            id="abc-password-2"
            onChange={[Function]}
            type="password"
          />
          <Button
            isBlock={true}
            isPrimary={true}
            type="submit"
          >
            Sign Up
          </Button>
          <P>
            <ForwardRef
              href="/KitePaintTermsandConditions.pdf"
              target="_blank"
            >
              Terms and Conditions
            </ForwardRef>
          </P>
          <P>
            Already registered?
             
            <ForwardRef
              className="testing_log-in"
              onClick={[MockFunction]}
            >
              Sign In
            </ForwardRef>
          </P>
        </React.Fragment>,
        "id": "abc",
        "onSubmit": [Function],
      },
      "ref": null,
      "rendered": Object {
        "instance": null,
        "key": undefined,
        "nodeType": "function",
        "props": Object {
          "children": Array [
            undefined,
            <ForwardRef
              htmlFor="abc-username"
            >
              Username
            </ForwardRef>,
            <ForwardRef
              id="abc-username"
              onChange={[Function]}
            />,
            <ForwardRef
              htmlFor="abc-email"
            >
              Email Address
            </ForwardRef>,
            <ForwardRef
              id="abc-email"
              onChange={[Function]}
              type="email"
            />,
            <ForwardRef
              htmlFor="abc-password"
            >
              Password
            </ForwardRef>,
            <ForwardRef
              id="abc-password"
              onChange={[Function]}
              type="password"
            />,
            <ForwardRef
              htmlFor="abc-password-2"
            >
              Confirm Password
            </ForwardRef>,
            <ForwardRef
              id="abc-password-2"
              onChange={[Function]}
              type="password"
            />,
            <Button
              isBlock={true}
              isPrimary={true}
              type="submit"
            >
              Sign Up
            </Button>,
            <P>
              <ForwardRef
                href="/KitePaintTermsandConditions.pdf"
                target="_blank"
              >
                Terms and Conditions
              </ForwardRef>
            </P>,
            <P>
              Already registered?
               
              <ForwardRef
                className="testing_log-in"
                onClick={[MockFunction]}
              >
                Sign In
              </ForwardRef>
            </P>,
          ],
        },
        "ref": null,
        "rendered": Array [
          undefined,
          Object {
            "instance": null,
            "key": undefined,
            "nodeType": "function",
            "props": Object {
              "children": "Username",
              "htmlFor": "abc-username",
            },
            "ref": null,
            "rendered": "Username",
            "type": Object {
              "$$typeof": Symbol(react.forward_ref),
              "attrs": undefined,
              "componentStyle": ComponentStyle {
                "componentId": "sc-htoDjs",
                "isStatic": true,
                "rules": Array [
                  "
  margin: 8px 0 4px;
  display: block;
",
                ],
              },
              "displayName": "Styled(Label)",
              "render": [Function],
              "styledComponentId": "sc-htoDjs",
              "target": [Function],
              "toString": [Function],
              "warnTooManyClasses": [Function],
              "withComponent": [Function],
              Symbol(Symbol.hasInstance): [Function],
            },
          },
          Object {
            "instance": null,
            "key": undefined,
            "nodeType": "function",
            "props": Object {
              "disabled": undefined,
              "id": "abc-username",
              "onChange": [Function],
              "value": undefined,
            },
            "ref": null,
            "rendered": null,
            "type": Object {
              "$$typeof": Symbol(react.forward_ref),
              "attrs": undefined,
              "componentStyle": ComponentStyle {
                "componentId": "sc-gzVnrw",
                "isStatic": false,
                "rules": Array [
                  "
  ",
                  "
  font-family: -apple-system, BlinkMacSystemFont, \\"Segoe UI\\", \\"Roboto\\", \\"Oxygen\\",
    \\"Ubuntu\\", \\"Cantarell\\", \\"Fira Sans\\", \\"Droid Sans\\", \\"Helvetica Neue\\",
    sans-serif;
  -webkit-font-smoothing: antialiased;
  -moz-osx-font-smoothing: grayscale;
",
                  " display: block;
  width: 100%;
  padding: 4px;
  border-radius: 4px;
  border: 1px solid ",
                  [Function],
                  ";
  box-sizing: border-box;
",
                ],
              },
              "displayName": "styled.input",
              "render": [Function],
              "styledComponentId": "sc-gzVnrw",
              "target": "input",
              "toString": [Function],
              "warnTooManyClasses": [Function],
              "withComponent": [Function],
            },
          },
          Object {
            "instance": null,
            "key": undefined,
            "nodeType": "function",
            "props": Object {
              "children": "Email Address",
              "htmlFor": "abc-email",
            },
            "ref": null,
            "rendered": "Email Address",
            "type": Object {
              "$$typeof": Symbol(react.forward_ref),
              "attrs": undefined,
              "componentStyle": ComponentStyle {
                "componentId": "sc-htoDjs",
                "isStatic": true,
                "rules": Array [
                  "
  margin: 8px 0 4px;
  display: block;
",
                ],
              },
              "displayName": "Styled(Label)",
              "render": [Function],
              "styledComponentId": "sc-htoDjs",
              "target": [Function],
              "toString": [Function],
              "warnTooManyClasses": [Function],
              "withComponent": [Function],
              Symbol(Symbol.hasInstance): [Function],
            },
          },
          Object {
            "instance": null,
            "key": undefined,
            "nodeType": "function",
            "props": Object {
              "disabled": undefined,
              "id": "abc-email",
              "onChange": [Function],
              "type": "email",
              "value": undefined,
            },
            "ref": null,
            "rendered": null,
            "type": Object {
              "$$typeof": Symbol(react.forward_ref),
              "attrs": undefined,
              "componentStyle": ComponentStyle {
                "componentId": "sc-gzVnrw",
                "isStatic": false,
                "rules": Array [
                  "
  ",
                  "
  font-family: -apple-system, BlinkMacSystemFont, \\"Segoe UI\\", \\"Roboto\\", \\"Oxygen\\",
    \\"Ubuntu\\", \\"Cantarell\\", \\"Fira Sans\\", \\"Droid Sans\\", \\"Helvetica Neue\\",
    sans-serif;
  -webkit-font-smoothing: antialiased;
  -moz-osx-font-smoothing: grayscale;
",
                  " display: block;
  width: 100%;
  padding: 4px;
  border-radius: 4px;
  border: 1px solid ",
                  [Function],
                  ";
  box-sizing: border-box;
",
                ],
              },
              "displayName": "styled.input",
              "render": [Function],
              "styledComponentId": "sc-gzVnrw",
              "target": "input",
              "toString": [Function],
              "warnTooManyClasses": [Function],
              "withComponent": [Function],
            },
          },
          Object {
            "instance": null,
            "key": undefined,
            "nodeType": "function",
            "props": Object {
              "children": "Password",
              "htmlFor": "abc-password",
            },
            "ref": null,
            "rendered": "Password",
            "type": Object {
              "$$typeof": Symbol(react.forward_ref),
              "attrs": undefined,
              "componentStyle": ComponentStyle {
                "componentId": "sc-htoDjs",
                "isStatic": true,
                "rules": Array [
                  "
  margin: 8px 0 4px;
  display: block;
",
                ],
              },
              "displayName": "Styled(Label)",
              "render": [Function],
              "styledComponentId": "sc-htoDjs",
              "target": [Function],
              "toString": [Function],
              "warnTooManyClasses": [Function],
              "withComponent": [Function],
              Symbol(Symbol.hasInstance): [Function],
            },
          },
          Object {
            "instance": null,
            "key": undefined,
            "nodeType": "function",
            "props": Object {
              "disabled": undefined,
              "id": "abc-password",
              "onChange": [Function],
              "type": "password",
              "value": undefined,
            },
            "ref": null,
            "rendered": null,
            "type": Object {
              "$$typeof": Symbol(react.forward_ref),
              "attrs": undefined,
              "componentStyle": ComponentStyle {
                "componentId": "sc-gzVnrw",
                "isStatic": false,
                "rules": Array [
                  "
  ",
                  "
  font-family: -apple-system, BlinkMacSystemFont, \\"Segoe UI\\", \\"Roboto\\", \\"Oxygen\\",
    \\"Ubuntu\\", \\"Cantarell\\", \\"Fira Sans\\", \\"Droid Sans\\", \\"Helvetica Neue\\",
    sans-serif;
  -webkit-font-smoothing: antialiased;
  -moz-osx-font-smoothing: grayscale;
",
                  " display: block;
  width: 100%;
  padding: 4px;
  border-radius: 4px;
  border: 1px solid ",
                  [Function],
                  ";
  box-sizing: border-box;
",
                ],
              },
              "displayName": "styled.input",
              "render": [Function],
              "styledComponentId": "sc-gzVnrw",
              "target": "input",
              "toString": [Function],
              "warnTooManyClasses": [Function],
              "withComponent": [Function],
            },
          },
          Object {
            "instance": null,
            "key": undefined,
            "nodeType": "function",
            "props": Object {
              "children": "Confirm Password",
              "htmlFor": "abc-password-2",
            },
            "ref": null,
            "rendered": "Confirm Password",
            "type": Object {
              "$$typeof": Symbol(react.forward_ref),
              "attrs": undefined,
              "componentStyle": ComponentStyle {
                "componentId": "sc-htoDjs",
                "isStatic": true,
                "rules": Array [
                  "
  margin: 8px 0 4px;
  display: block;
",
                ],
              },
              "displayName": "Styled(Label)",
              "render": [Function],
              "styledComponentId": "sc-htoDjs",
              "target": [Function],
              "toString": [Function],
              "warnTooManyClasses": [Function],
              "withComponent": [Function],
              Symbol(Symbol.hasInstance): [Function],
            },
          },
          Object {
            "instance": null,
            "key": undefined,
            "nodeType": "function",
            "props": Object {
              "disabled": undefined,
              "id": "abc-password-2",
              "onChange": [Function],
              "type": "password",
              "value": undefined,
            },
            "ref": null,
            "rendered": null,
            "type": Object {
              "$$typeof": Symbol(react.forward_ref),
              "attrs": undefined,
              "componentStyle": ComponentStyle {
                "componentId": "sc-gzVnrw",
                "isStatic": false,
                "rules": Array [
                  "
  ",
                  "
  font-family: -apple-system, BlinkMacSystemFont, \\"Segoe UI\\", \\"Roboto\\", \\"Oxygen\\",
    \\"Ubuntu\\", \\"Cantarell\\", \\"Fira Sans\\", \\"Droid Sans\\", \\"Helvetica Neue\\",
    sans-serif;
  -webkit-font-smoothing: antialiased;
  -moz-osx-font-smoothing: grayscale;
",
                  " display: block;
  width: 100%;
  padding: 4px;
  border-radius: 4px;
  border: 1px solid ",
                  [Function],
                  ";
  box-sizing: border-box;
",
                ],
              },
              "displayName": "styled.input",
              "render": [Function],
              "styledComponentId": "sc-gzVnrw",
              "target": "input",
              "toString": [Function],
              "warnTooManyClasses": [Function],
              "withComponent": [Function],
            },
          },
          Object {
            "instance": null,
            "key": undefined,
            "nodeType": "function",
            "props": Object {
              "children": "Sign Up",
              "disabled": undefined,
              "isBlock": true,
              "isPrimary": true,
              "type": "submit",
            },
            "ref": null,
            "rendered": "Sign Up",
            "type": [Function],
          },
          Object {
            "instance": null,
            "key": undefined,
            "nodeType": "function",
            "props": Object {
              "children": <ForwardRef
                href="/KitePaintTermsandConditions.pdf"
                target="_blank"
              >
                Terms and Conditions
              </ForwardRef>,
            },
            "ref": null,
            "rendered": Object {
              "instance": null,
              "key": undefined,
              "nodeType": "function",
              "props": Object {
                "children": "Terms and Conditions",
                "href": "/KitePaintTermsandConditions.pdf",
                "target": "_blank",
              },
              "ref": null,
              "rendered": "Terms and Conditions",
              "type": Object {
                "$$typeof": Symbol(react.forward_ref),
                "attrs": undefined,
                "componentStyle": ComponentStyle {
                  "componentId": "sc-bdVaJa",
                  "isStatic": false,
                  "rules": Array [
                    "
  color: ",
                    [Function],
                    ";
  text-decoration: none;
  margin: 0;
  cursor: pointer;

  &:hover {
    text-decoration: underline;
  }
",
                  ],
                },
                "displayName": "styled.a",
                "render": [Function],
                "styledComponentId": "sc-bdVaJa",
                "target": "a",
                "toString": [Function],
                "warnTooManyClasses": [Function],
                "withComponent": [Function],
              },
            },
            "type": [Function],
          },
          Object {
            "instance": null,
            "key": undefined,
            "nodeType": "function",
            "props": Object {
              "children": Array [
                "Already registered?",
                " ",
                <ForwardRef
                  className="testing_log-in"
                  onClick={[MockFunction]}
                >
                  Sign In
                </ForwardRef>,
              ],
            },
            "ref": null,
            "rendered": Array [
              "Already registered?",
              " ",
              Object {
                "instance": null,
                "key": undefined,
                "nodeType": "function",
                "props": Object {
                  "children": "Sign In",
                  "className": "testing_log-in",
                  "onClick": [MockFunction],
                },
                "ref": null,
                "rendered": "Sign In",
                "type": Object {
                  "$$typeof": Symbol(react.forward_ref),
                  "attrs": undefined,
                  "componentStyle": ComponentStyle {
                    "componentId": "sc-bdVaJa",
                    "isStatic": false,
                    "rules": Array [
                      "
  color: ",
                      [Function],
                      ";
  text-decoration: none;
  margin: 0;
  cursor: pointer;

  &:hover {
    text-decoration: underline;
  }
",
                    ],
                  },
                  "displayName": "styled.a",
                  "render": [Function],
                  "styledComponentId": "sc-bdVaJa",
                  "target": "a",
                  "toString": [Function],
                  "warnTooManyClasses": [Function],
                  "withComponent": [Function],
                },
              },
            ],
            "type": [Function],
          },
        ],
        "type": Symbol(react.fragment),
      },
      "type": "form",
    },
  ],
  Symbol(enzyme.__options__): Object {
    "adapter": ReactSixteenAdapter {
      "options": Object {
        "enableComponentDidUpdateOnSetState": true,
        "lifecycles": Object {
          "componentDidUpdate": Object {
            "onSetState": true,
          },
          "getDerivedStateFromProps": true,
          "getSnapshotBeforeUpdate": true,
          "setState": Object {
            "skipsComponentDidUpdateOnNullish": true,
          },
        },
      },
    },
  },
}
`;
