// Jest Snapshot v1, https://goo.gl/fbAQLP

exports[`ProductShowcase StyleWrapper renders 1`] = `
.c0 {
  -webkit-flex-basis: 500px;
  -ms-flex-preferred-size: 500px;
  flex-basis: 500px;
  margin: 8px;
  -webkit-flex-shrink: 1;
  -ms-flex-negative: 1;
  flex-shrink: 1;
  border: 1px solid #AAAAAA;
  border-radius: 4px;
  background-image: linear-gradient(45deg,#AAAAAA 25%,transparent 25%), linear-gradient(-45deg,#AAAAAA 25%,transparent 25%), linear-gradient(45deg,transparent 75%,#AAAAAA 75%), linear-gradient(-45deg,transparent 75%,#AAAAAA 75%);
  background-color: #5e5e5e;
  background-size: 20px 20px;
  background-position: 0 0,0 10px,10px -10px,-10px 0px;
  cursor: pointer;
  position: relative;
  display: -webkit-box;
  display: -webkit-flex;
  display: -ms-flexbox;
  display: flex;
  padding: 36px 8px 8px;
  -webkit-flex-wrap: wrap;
  -ms-flex-wrap: wrap;
  flex-wrap: wrap;
  -webkit-align-items: middle;
  -webkit-box-align: middle;
  -ms-flex-align: middle;
  align-items: middle;
  -webkit-box-pack: space-around;
  -webkit-justify-content: space-around;
  -ms-flex-pack: space-around;
  justify-content: space-around;
}

.c0 .product-heading {
  background: #FFFFFF;
  border-bottom: 1px solid #AAAAAA;
  text-align: center;
  padding: 4px 0;
  position: absolute;
  top: 0;
  left: 0;
  width: 100%;
  border-top-left-radius: 4px;
  border-top-right-radius: 4px;
}

.c0 .preview {
  width: 50%;
  -webkit-box-flex: 1;
  -webkit-flex-grow: 1;
  -ms-flex-positive: 1;
  flex-grow: 1;
  padding: 8px;
  box-sizing: border-box;
  -webkit-transition: 0.6s -webkit-transform;
  -webkit-transition: 0.6s transform;
  transition: 0.6s transform;
}

.c0 .preview.count-2 {
  width: 100%;
}

.c0 .preview > svg {
  height: 100%;
  width: 100%;
}

.c0:hover .preview {
  -webkit-transform: translateY(-15px);
  -ms-transform: translateY(-15px);
  transform: translateY(-15px);
}

<styled.div
  theme={
    Object {
      "colors": Object {
        "aqua": "#7FDBFF",
        "black": "#111111",
        "blue": "#0074D9",
        "blueDarker": "#005daa",
        "blueLighter": "#f0fbff",
        "fuchsia": "#F012BE",
        "gray": "#AAAAAA",
        "grayDark": "#5e5e5e",
        "grayDarker": "#3a3a3a",
        "green": "#2ECC40",
        "lime": "#01FF70",
        "maroon": "#85144B",
        "navy": "#001F3F",
        "olive": "#3D9970",
        "orange": "#FF851B",
        "purple": "#B10DC9",
        "red": "#FF4136",
        "silver": "#DDDDDD",
        "teal": "#39CCCC",
        "white": "#FFFFFF",
        "yellow": "#FFDC00",
      },
      "patterns": Object {
        "transparencyBackground": Array [
          "
  background-image: linear-gradient(45deg, ",
          "#AAAAAA",
          " 25%, transparent 25%),
    linear-gradient(-45deg, ",
          "#AAAAAA",
          " 25%, transparent 25%),
    linear-gradient(45deg, transparent 75%, ",
          "#AAAAAA",
          " 75%),
    linear-gradient(-45deg, transparent 75%, ",
          "#AAAAAA",
          " 75%);
  background-color: ",
          "#5e5e5e",
          ";
  background-size: 20px 20px;
  background-position: 0 0, 0 10px, 10px -10px, -10px 0px;
",
        ],
      },
    }
  }
>
  <StyledComponent
    forwardedClass={
      Object {
        "$$typeof": Symbol(react.forward_ref),
        "attrs": undefined,
        "componentStyle": ComponentStyle {
          "componentId": "sc-eNQAEJ",
          "isStatic": false,
          "lastClassName": "c0",
          "rules": Array [
            "
  flex-basis: 500px;
  margin: 8px;
  flex-shrink: 1;
  border: 1px solid ",
            [Function],
            ";
  border-radius: 4px;
  ",
            [Function],
            ";
  cursor: pointer;
  position: relative;
  display: flex;
  padding: 36px 8px 8px;
  flex-wrap: wrap;
  align-items: middle;
  justify-content: space-around;

  .product-heading {
    background: ",
            [Function],
            ";
    border-bottom: 1px solid ",
            [Function],
            ";
    text-align: center;
    padding: 4px 0;
    position: absolute;
    top: 0;
    left: 0;
    width: 100%;
    border-top-left-radius: 4px;
    border-top-right-radius: 4px;
  }
  .preview {
    width: 50%;
    flex-grow: 1;
    padding: 8px;
    box-sizing: border-box;
    transition: 0.6s transform;

    &.count-2 {
      width: 100%;
    }
    > svg {
      height: 100%;
      width: 100%;
    }
  }
  &:hover {
    .preview {
      transform: translateY(-15px);
    }
  }
",
          ],
        },
        "displayName": "styled.div",
        "render": [Function],
        "styledComponentId": "sc-eNQAEJ",
        "target": "div",
        "toString": [Function],
        "warnTooManyClasses": [Function],
        "withComponent": [Function],
      }
    }
    forwardedRef={null}
    theme={
      Object {
        "colors": Object {
          "aqua": "#7FDBFF",
          "black": "#111111",
          "blue": "#0074D9",
          "blueDarker": "#005daa",
          "blueLighter": "#f0fbff",
          "fuchsia": "#F012BE",
          "gray": "#AAAAAA",
          "grayDark": "#5e5e5e",
          "grayDarker": "#3a3a3a",
          "green": "#2ECC40",
          "lime": "#01FF70",
          "maroon": "#85144B",
          "navy": "#001F3F",
          "olive": "#3D9970",
          "orange": "#FF851B",
          "purple": "#B10DC9",
          "red": "#FF4136",
          "silver": "#DDDDDD",
          "teal": "#39CCCC",
          "white": "#FFFFFF",
          "yellow": "#FFDC00",
        },
        "patterns": Object {
          "transparencyBackground": Array [
            "
  background-image: linear-gradient(45deg, ",
            "#AAAAAA",
            " 25%, transparent 25%),
    linear-gradient(-45deg, ",
            "#AAAAAA",
            " 25%, transparent 25%),
    linear-gradient(45deg, transparent 75%, ",
            "#AAAAAA",
            " 75%),
    linear-gradient(-45deg, transparent 75%, ",
            "#AAAAAA",
            " 75%);
  background-color: ",
            "#5e5e5e",
            ";
  background-size: 20px 20px;
  background-position: 0 0, 0 10px, 10px -10px, -10px 0px;
",
          ],
        },
      }
    }
  >
    <div
      className="c0"
    />
  </StyledComponent>
</styled.div>
`;

exports[`ProductShowcase renders 1`] = `
<styled.div
  as={[Function]}
  to="/create/product-1"
>
  <Styled(H3)
    className="product-heading"
  >
    Krazy Kite
  </Styled(H3)>
  <Svg
    className="preview count-1"
    key="Standard"
    svg="<div>Kool Kite</div>"
  />
</styled.div>
`;
