// Jest Snapshot v1, https://goo.gl/fbAQLP

exports[`Sidebar renders 1`] = `
<styled.div>
  <Styled(styled.div)
    as="a"
    className="testing_manufacturer"
    hasAction={true}
    href="http://krazykites.com/krazy-kite"
    isLight={true}
    target="_blank"
  >
    <styled.div
      noMargin={true}
      size={32}
      src="/logos/abc.jpg"
    />
    <div>
      Krazy Kite
      <br />
      <small>
        by 
        Krazy Kites
      </small>
    </div>
  </Styled(styled.div)>
  <Styled(styled.div)
    className="testing_variation"
    hasAction={true}
    isActive={true}
    isLight={true}
    key="Standard"
    onClick={[Function]}
  >
    <styled.div>
      <ColorableSvg
        colorMap={Object {}}
        svg="<div>Kool Kite</div>"
      />
    </styled.div>
     
    Standard
  </Styled(styled.div)>
  <Styled(styled.div)
    isLight={true}
  >
    <FontAwesomeIcon
      border={false}
      className=""
      fixedWidth={false}
      flip={null}
      icon="palette"
      inverse={false}
      listItem={false}
      mask={null}
      pull={null}
      pulse={false}
      rotation={null}
      size={null}
      spin={false}
      symbol={false}
      title=""
      transform={null}
    />
     Colors
  </Styled(styled.div)>
  <Styled(styled.div)
    className="testing_color"
    hasAction={true}
    isActive={true}
    isLight={true}
    key="red"
    onClick={[Function]}
  >
    <styled.div
      color="#ff0000"
    />
     
    red
  </Styled(styled.div)>
  <Styled(styled.div)
    className="testing_color"
    hasAction={true}
    isActive={false}
    isLight={true}
    key="black"
    onClick={[Function]}
  >
    <styled.div
      color="#000000"
    />
     
    black
  </Styled(styled.div)>
</styled.div>
`;
